Traceback (most recent call last):
  File "/opt/hostedtoolcache/Python/3.12.14/x64/lib/python3.12/site-packages/jupyter_cache/executors/utils.py", line 58, in single_nb_execution
    executenb(
  File "/opt/hostedtoolcache/Python/3.12.14/x64/lib/python3.12/site-packages/nbclient/client.py", line 1323, in execute
    return NotebookClient(nb=nb, resources=resources, km=km, **kwargs).execute()
           ^^^^^^^^^^^^^^^^^^^^^^^^^^^^^^^^^^^^^^^^^^^^^^^^^^^^^^^^^^^^^^^^^^^^^
  File "/opt/hostedtoolcache/Python/3.12.14/x64/lib/python3.12/site-packages/jupyter_core/utils/__init__.py", line 165, in wrapped
    return loop.run_until_complete(inner)
           ^^^^^^^^^^^^^^^^^^^^^^^^^^^^^^
  File "/opt/hostedtoolcache/Python/3.12.14/x64/lib/python3.12/asyncio/base_events.py", line 691, in run_until_complete
    return future.result()
           ^^^^^^^^^^^^^^^
  File "/opt/hostedtoolcache/Python/3.12.14/x64/lib/python3.12/site-packages/nbclient/client.py", line 709, in async_execute
    await self.async_execute_cell(
  File "/opt/hostedtoolcache/Python/3.12.14/x64/lib/python3.12/site-packages/nbclient/client.py", line 1062, in async_execute_cell
    await self._check_raise_for_error(cell, cell_index, exec_reply)
  File "/opt/hostedtoolcache/Python/3.12.14/x64/lib/python3.12/site-packages/nbclient/client.py", line 918, in _check_raise_for_error
    raise CellExecutionError.from_cell_and_msg(cell, exec_reply_content)
nbclient.exceptions.CellExecutionError: An error occurred while executing the following cell:
------------------
from ministats.plots.probability import plot_joint_pmf_stems
ax = plot_joint_pmf_stems(jpmfXY.T, zmax=0.2)
# ax.view_init(elev=30, azim=-30)
# ax.set_box_aspect((4, 5, 3))
------------------


[31m---------------------------------------------------------------------------[39m
[31mImportError[39m                               Traceback (most recent call last)
[36mCell[39m[36m [39m[32mIn[6][39m[32m, line 1[39m
[32m----> [39m[32m1[39m [38;5;28;01mfrom[39;00m ministats.plots.probability [38;5;28;01mimport[39;00m plot_joint_pmf_stems
[32m      2[39m ax = plot_joint_pmf_stems(jpmfXY.T, zmax=[32m0.2[39m)
[32m      3[39m [38;5;66;03m# ax.view_init(elev=30, azim=-30)[39;00m
[32m      4[39m [38;5;66;03m# ax.set_box_aspect((4, 5, 3))[39;00m

[31mImportError[39m: cannot import name 'plot_joint_pmf_stems' from 'ministats.plots.probability' (/opt/hostedtoolcache/Python/3.12.14/x64/lib/python3.12/site-packages/ministats/plots/probability.py)

