Traceback (most recent call last):
  File "/opt/hostedtoolcache/Python/3.12.14/x64/lib/python3.12/site-packages/jupyter_cache/executors/utils.py", line 58, in single_nb_execution
    executenb(
  File "/opt/hostedtoolcache/Python/3.12.14/x64/lib/python3.12/site-packages/nbclient/client.py", line 1323, in execute
    return NotebookClient(nb=nb, resources=resources, km=km, **kwargs).execute()
           ^^^^^^^^^^^^^^^^^^^^^^^^^^^^^^^^^^^^^^^^^^^^^^^^^^^^^^^^^^^^^^^^^^^^^
  File "/opt/hostedtoolcache/Python/3.12.14/x64/lib/python3.12/site-packages/jupyter_core/utils/__init__.py", line 165, in wrapped
    return loop.run_until_complete(inner)
           ^^^^^^^^^^^^^^^^^^^^^^^^^^^^^^
  File "/opt/hostedtoolcache/Python/3.12.14/x64/lib/python3.12/asyncio/base_events.py", line 691, in run_until_complete
    return future.result()
           ^^^^^^^^^^^^^^^
  File "/opt/hostedtoolcache/Python/3.12.14/x64/lib/python3.12/site-packages/nbclient/client.py", line 709, in async_execute
    await self.async_execute_cell(
  File "/opt/hostedtoolcache/Python/3.12.14/x64/lib/python3.12/site-packages/nbclient/client.py", line 1062, in async_execute_cell
    await self._check_raise_for_error(cell, cell_index, exec_reply)
  File "/opt/hostedtoolcache/Python/3.12.14/x64/lib/python3.12/site-packages/nbclient/client.py", line 918, in _check_raise_for_error
    raise CellExecutionError.from_cell_and_msg(cell, exec_reply_content)
nbclient.exceptions.CellExecutionError: An error occurred while executing the following cell:
------------------
xlims = [3, 17]
ylims = [1.5, 8.5]
event = [(10,5), (14,7)]
ax = plot_joint_pdf_contourf(rvXY, xlims=xlims, ylims=ylims, highlight=[event]);
ax.text(12, 7.3, r"$\{10 \leq X \leq 14, 5 \leq Y \leq 7\}$", ha="center");
------------------


[31m---------------------------------------------------------------------------[39m
[31mTypeError[39m                                 Traceback (most recent call last)
[36mCell[39m[36m [39m[32mIn[11][39m[32m, line 4[39m
[32m      1[39m xlims = [[32m3[39m, [32m17[39m]
[32m      2[39m ylims = [[32m1.5[39m, [32m8.5[39m]
[32m      3[39m event = [([32m10[39m,[32m5[39m), ([32m14[39m,[32m7[39m)]
[32m----> [39m[32m4[39m ax = plot_joint_pdf_contourf(rvXY, xlims=xlims, ylims=ylims, highlight=[event]);
[32m      5[39m ax.text([32m12[39m, [32m7.3[39m, [33mr"$\{10 \leq X \leq 14, 5 \leq Y \leq 7\}$"[39m, ha=[33m"center"[39m);

[31mTypeError[39m: plot_joint_pdf_contourf() got an unexpected keyword argument 'highlight'

