Traceback (most recent call last):
  File "/opt/hostedtoolcache/Python/3.12.14/x64/lib/python3.12/site-packages/jupyter_cache/executors/utils.py", line 58, in single_nb_execution
    executenb(
  File "/opt/hostedtoolcache/Python/3.12.14/x64/lib/python3.12/site-packages/nbclient/client.py", line 1323, in execute
    return NotebookClient(nb=nb, resources=resources, km=km, **kwargs).execute()
           ^^^^^^^^^^^^^^^^^^^^^^^^^^^^^^^^^^^^^^^^^^^^^^^^^^^^^^^^^^^^^^^^^^^^^
  File "/opt/hostedtoolcache/Python/3.12.14/x64/lib/python3.12/site-packages/jupyter_core/utils/__init__.py", line 165, in wrapped
    return loop.run_until_complete(inner)
           ^^^^^^^^^^^^^^^^^^^^^^^^^^^^^^
  File "/opt/hostedtoolcache/Python/3.12.14/x64/lib/python3.12/asyncio/base_events.py", line 691, in run_until_complete
    return future.result()
           ^^^^^^^^^^^^^^^
  File "/opt/hostedtoolcache/Python/3.12.14/x64/lib/python3.12/site-packages/nbclient/client.py", line 709, in async_execute
    await self.async_execute_cell(
  File "/opt/hostedtoolcache/Python/3.12.14/x64/lib/python3.12/site-packages/nbclient/client.py", line 1062, in async_execute_cell
    await self._check_raise_for_error(cell, cell_index, exec_reply)
  File "/opt/hostedtoolcache/Python/3.12.14/x64/lib/python3.12/site-packages/nbclient/client.py", line 918, in _check_raise_for_error
    raise CellExecutionError.from_cell_and_msg(cell, exec_reply_content)
nbclient.exceptions.CellExecutionError: An error occurred while executing the following cell:
------------------
# a)
from ministats import plot_epmf, plot_pmf

plt.figure(figsize=(10,3))
ax = plot_epmf(hs, ax=plt.gca(), name="hs")
plot_pmf(rvH, ax=ax, rv_name="H", label="$f_H$", color="C4");
------------------


[31m---------------------------------------------------------------------------[39m
[31mTypeError[39m                                 Traceback (most recent call last)
[36mCell[39m[36m [39m[32mIn[5][39m[32m, line 6[39m
[32m      2[39m [38;5;28;01mfrom[39;00m ministats [38;5;28;01mimport[39;00m plot_epmf, plot_pmf
[32m      3[39m 
[32m      4[39m plt.figure(figsize=([32m10[39m,[32m3[39m))
[32m      5[39m ax = plot_epmf(hs, ax=plt.gca(), name=[33m"hs"[39m)
[32m----> [39m[32m6[39m plot_pmf(rvH, ax=ax, rv_name=[33m"H"[39m, label=[33m"$f_H$"[39m, color=[33m"C4"[39m);

[31mTypeError[39m: plot_pmf() got an unexpected keyword argument 'color'

