Traceback (most recent call last):
  File "/opt/hostedtoolcache/Python/3.12.14/x64/lib/python3.12/site-packages/jupyter_cache/executors/utils.py", line 58, in single_nb_execution
    executenb(
  File "/opt/hostedtoolcache/Python/3.12.14/x64/lib/python3.12/site-packages/nbclient/client.py", line 1323, in execute
    return NotebookClient(nb=nb, resources=resources, km=km, **kwargs).execute()
           ^^^^^^^^^^^^^^^^^^^^^^^^^^^^^^^^^^^^^^^^^^^^^^^^^^^^^^^^^^^^^^^^^^^^^
  File "/opt/hostedtoolcache/Python/3.12.14/x64/lib/python3.12/site-packages/jupyter_core/utils/__init__.py", line 165, in wrapped
    return loop.run_until_complete(inner)
           ^^^^^^^^^^^^^^^^^^^^^^^^^^^^^^
  File "/opt/hostedtoolcache/Python/3.12.14/x64/lib/python3.12/asyncio/base_events.py", line 691, in run_until_complete
    return future.result()
           ^^^^^^^^^^^^^^^
  File "/opt/hostedtoolcache/Python/3.12.14/x64/lib/python3.12/site-packages/nbclient/client.py", line 709, in async_execute
    await self.async_execute_cell(
  File "/opt/hostedtoolcache/Python/3.12.14/x64/lib/python3.12/site-packages/nbclient/client.py", line 1062, in async_execute_cell
    await self._check_raise_for_error(cell, cell_index, exec_reply)
  File "/opt/hostedtoolcache/Python/3.12.14/x64/lib/python3.12/site-packages/nbclient/client.py", line 918, in _check_raise_for_error
    raise CellExecutionError.from_cell_and_msg(cell, exec_reply_content)
nbclient.exceptions.CellExecutionError: An error occurred while executing the following cell:
------------------
# @solution
from ministats import bootstrap_test_mean

# Set the random seed to a particular value to get a reproducible result
np.random.seed(44)

kombucha = pd.read_csv("datasets/kombucha.csv")
ksample05 = kombucha[kombucha["batch"]==5]["volume"]
bootstrap_test_mean(ksample05, mu0=1000)
------------------


[31m---------------------------------------------------------------------------[39m
[31mNameError[39m                                 Traceback (most recent call last)
[36mCell[39m[36m [39m[32mIn[1][39m[32m, line 5[39m
[32m      1[39m [38;5;66;03m# @solution[39;00m
[32m      2[39m [38;5;28;01mfrom[39;00m ministats [38;5;28;01mimport[39;00m bootstrap_test_mean
[32m      3[39m 
[32m      4[39m [38;5;66;03m# Set the random seed to a particular value to get a reproducible result[39;00m
[32m----> [39m[32m5[39m np.random.seed([32m44[39m)
[32m      6[39m 
[32m      7[39m kombucha = pd.read_csv([33m"datasets/kombucha.csv"[39m)
[32m      8[39m ksample05 = kombucha[kombucha[[33m"batch"[39m]==[32m5[39m][[33m"volume"[39m]

[31mNameError[39m: name 'np' is not defined

