Traceback (most recent call last):
  File "/opt/hostedtoolcache/Python/3.12.14/x64/lib/python3.12/site-packages/jupyter_cache/executors/utils.py", line 58, in single_nb_execution
    executenb(
  File "/opt/hostedtoolcache/Python/3.12.14/x64/lib/python3.12/site-packages/nbclient/client.py", line 1323, in execute
    return NotebookClient(nb=nb, resources=resources, km=km, **kwargs).execute()
           ^^^^^^^^^^^^^^^^^^^^^^^^^^^^^^^^^^^^^^^^^^^^^^^^^^^^^^^^^^^^^^^^^^^^^
  File "/opt/hostedtoolcache/Python/3.12.14/x64/lib/python3.12/site-packages/jupyter_core/utils/__init__.py", line 165, in wrapped
    return loop.run_until_complete(inner)
           ^^^^^^^^^^^^^^^^^^^^^^^^^^^^^^
  File "/opt/hostedtoolcache/Python/3.12.14/x64/lib/python3.12/asyncio/base_events.py", line 691, in run_until_complete
    return future.result()
           ^^^^^^^^^^^^^^^
  File "/opt/hostedtoolcache/Python/3.12.14/x64/lib/python3.12/site-packages/nbclient/client.py", line 709, in async_execute
    await self.async_execute_cell(
  File "/opt/hostedtoolcache/Python/3.12.14/x64/lib/python3.12/site-packages/nbclient/client.py", line 1062, in async_execute_cell
    await self._check_raise_for_error(cell, cell_index, exec_reply)
  File "/opt/hostedtoolcache/Python/3.12.14/x64/lib/python3.12/site-packages/nbclient/client.py", line 918, in _check_raise_for_error
    raise CellExecutionError.from_cell_and_msg(cell, exec_reply_content)
nbclient.exceptions.CellExecutionError: An error occurred while executing the following cell:
------------------
# d) ALT. using `scipy.stats.kurtosis` with the options `bias=False` and `fisher=True`
from scipy.stats import kurtosis
kurtosis(ts, bias=False, fisher=True)
------------------


[31m---------------------------------------------------------------------------[39m
[31mTypeError[39m                                 Traceback (most recent call last)
[36mCell[39m[36m [39m[32mIn[11][39m[32m, line 3[39m
[32m      1[39m [38;5;66;03m# d) ALT. using `scipy.stats.kurtosis` with the options `bias=False` and `fisher=True`[39;00m
[32m      2[39m [38;5;28;01mfrom[39;00m scipy.stats [38;5;28;01mimport[39;00m kurtosis
[32m----> [39m[32m3[39m kurtosis(ts, bias=[38;5;28;01mFalse[39;00m, fisher=[38;5;28;01mTrue[39;00m)

[36mFile [39m[32m/opt/hostedtoolcache/Python/3.12.14/x64/lib/python3.12/site-packages/scipy/stats/_axis_nan_policy.py:511[39m, in [36m_axis_nan_policy_factory.<locals>.axis_nan_policy_decorator.<locals>.axis_nan_policy_wrapper[39m[34m(_no_deco, *args, **kwds)[39m
[32m    509[39m samples = [kwds.pop(param) [38;5;28;01mfor[39;00m param [38;5;129;01min[39;00m (params[:n_samp] + kwd_samp)]
[32m    510[39m xp = array_namespace(*samples)
[32m--> [39m[32m511[39m samples = [30;43mxp_promote[39;49m[30;43m([39;49m[30;43m*[39;49m[30;43msamples[39;49m[30;43m,[39;49m[30;43m [39;49m[30;43mxp[39;49m[30;43m=[39;49m[30;43mxp[39;49m[30;43m)[39;49m
[32m    512[39m samples = (samples,) [38;5;28;01mif[39;00m [38;5;129;01mnot[39;00m [38;5;28misinstance[39m(samples, [38;5;28mtuple[39m) [38;5;28;01melse[39;00m samples
[32m    513[39m samples = [xpx.atleast_nd(sample, ndim=[32m1[39m) [38;5;28;01mfor[39;00m sample [38;5;129;01min[39;00m samples]

[36mFile [39m[32m/opt/hostedtoolcache/Python/3.12.14/x64/lib/python3.12/site-packages/scipy/_lib/_array_api.py:551[39m, in [36mxp_promote[39m[34m(broadcast, force_floating, xp, *args)[39m
[32m    545[39m [38;5;66;03m# prevent double conversion of iterable to array[39;00m
[32m    546[39m [38;5;66;03m# avoid `np.iterable` for torch arrays due to pytorch/pytorch#143334[39;00m
[32m    547[39m [38;5;66;03m# don't use `array_api_compat.is_array_api_obj` as it returns True for NumPy scalars[39;00m
[32m    548[39m args = [(_asarray(arg, subok=[38;5;28;01mTrue[39;00m, xp=xp) [38;5;28;01mif[39;00m is_torch_array(arg) [38;5;129;01mor[39;00m np.iterable(arg)
[32m    549[39m         [38;5;28;01melse[39;00m arg) [38;5;28;01mfor[39;00m arg [38;5;129;01min[39;00m args]
[32m--> [39m[32m551[39m dtype = [30;43mxp_result_type[39;49m[30;43m([39;49m[30;43m*[39;49m[30;43margs[39;49m[30;43m,[39;49m[30;43m [39;49m[30;43mforce_floating[39;49m[30;43m=[39;49m[30;43mforce_floating[39;49m[30;43m,[39;49m[30;43m [39;49m[30;43mxp[39;49m[30;43m=[39;49m[30;43mxp[39;49m[30;43m)[39;49m
[32m    553[39m args = [(_asarray(arg, dtype=dtype, subok=[38;5;28;01mTrue[39;00m, xp=xp) [38;5;28;01mif[39;00m arg [38;5;129;01mis[39;00m [38;5;129;01mnot[39;00m [38;5;28;01mNone[39;00m [38;5;28;01melse[39;00m arg)
[32m    554[39m         [38;5;28;01mfor[39;00m arg [38;5;129;01min[39;00m args]
[32m    556[39m [38;5;28;01mif[39;00m [38;5;129;01mnot[39;00m broadcast:

[36mFile [39m[32m/opt/hostedtoolcache/Python/3.12.14/x64/lib/python3.12/site-packages/scipy/_lib/_array_api.py:507[39m, in [36mxp_result_type[39m[34m(force_floating, xp, *args)[39m
[32m    504[39m     [38;5;28;01mreturn[39;00m xp.result_type(*args_not_none)
[32m    506[39m [38;5;28;01mtry[39;00m:  [38;5;66;03m# follow library's preferred promotion rules[39;00m
[32m--> [39m[32m507[39m     [38;5;28;01mreturn[39;00m [30;43mxp[39;49m[30;43m.[39;49m[30;43mresult_type[39;49m[30;43m([39;49m[30;43m*[39;49m[30;43margs_not_none[39;49m[30;43m)[39;49m
[32m    508[39m [38;5;28;01mexcept[39;00m [38;5;167;01mTypeError[39;00m:  [38;5;66;03m# mixed type promotion isn't defined[39;00m
[32m    509[39m     [38;5;28;01mif[39;00m [38;5;129;01mnot[39;00m force_floating:

[31mTypeError[39m: Cannot interpret 'Ellipsis' as a data type

